[jthemes.net/themes/f-html/vetrov/index.html]
[backblue.gif]
[fade.gif]
[index.html]
[jthemes.net/themes/f-html/vetrov/assets/ico/apple-touch-icon-144-precomposed.png]
[jthemes.net/themes/f-html/vetrov/assets/ico/favicon.ico]
[jthemes.net/themes/f-html/vetrov/assets/css/multicolors/theme-color.css]
[jthemes.net/themes/f-html/vetrov/assets/css/style_min.css]
[jthemes.net/themes/f-html/vetrov/login.html]
[jthemes.net/themes/f-html/vetrov/index-2.html]
[jthemes.net/themes/f-html/vetrov/assets/images/logo/logo-1.png]
[jthemes.net/themes/f-html/vetrov/index-3.html]
[jthemes.net/themes/f-html/vetrov/index-4.html]
[jthemes.net/themes/f-html/vetrov/index-5.html]
[jthemes.net/themes/f-html/vetrov/index-slider-1.html]
[jthemes.net/themes/f-html/vetrov/index-slider-2.html]
[jthemes.net/themes/f-html/vetrov/index-slider-3.html]
[jthemes.net/themes/f-html/vetrov/listing-1.html]
[jthemes.net/themes/f-html/vetrov/listing-2.html]
[jthemes.net/themes/f-html/vetrov/listing-detail-1.html]
[jthemes.net/themes/f-html/vetrov/listing-detail-2.html]
[jthemes.net/themes/f-html/vetrov/listing-detail-3.html]
[jthemes.net/themes/f-html/vetrov/before-you-fly.html]
[jthemes.net/themes/f-html/vetrov/portfolio-col-four.html]
[jthemes.net/themes/f-html/vetrov/portfolio-col-three.html]
[jthemes.net/themes/f-html/vetrov/portfolio-col-two.html]
[jthemes.net/themes/f-html/vetrov/pages-link.html]
[jthemes.net/themes/f-html/vetrov/about-us.html]
[jthemes.net/themes/f-html/vetrov/contact-us.html]
[jthemes.net/themes/f-html/vetrov/faq.html]
[jthemes.net/themes/f-html/vetrov/forgot-password.html]
[jthemes.net/themes/f-html/vetrov/404.html]
[jthemes.net/themes/f-html/vetrov/coming-soon.html]
[jthemes.net/themes/f-html/vetrov/pages.html]
[jthemes.net/themes/f-html/vetrov/blog.html]
[jthemes.net/themes/f-html/vetrov/blog-detail.html]
[jthemes.net/themes/f-html/vetrov/fullwidth.html]
[jthemes.net/themes/f-html/vetrov/layout-left.html]
[jthemes.net/themes/f-html/vetrov/layout-right.html]
[jthemes.net/themes/f-html/vetrov/layout-two.html]
[jthemes.net/themes/f-html/vetrov/footer-variation.html]
[jthemes.net/themes/f-html/vetrov/confirm.html]
[jthemes.net/themes/f-html/vetrov/page-search-result.html]
[jthemes.net/themes/f-html/vetrov/page-travel-insurance.html]
[jthemes.net/themes/f-html/vetrov/page-travel-stories.html]
[jthemes.net/themes/f-html/vetrov/shortcodes.html]
[jthemes.net/themes/f-html/vetrov/assets/images/gallery/300x400-1.jpg]
[jthemes.net/themes/f-html/vetrov/assets/images/icons/text-1.png]
[jthemes.net/themes/f-html/vetrov/assets/images/slider/970x500-1.jpg]
[jthemes.net/themes/f-html/vetrov/assets/images/icons/icon-15.png]
[jthemes.net/themes/f-html/vetrov/assets/images/icons/icon-16.png]
[jthemes.net/themes/f-html/vetrov/assets/images/icons/icon-17.png]
[jthemes.net/themes/f-html/vetrov/assets/images/icons/icon-18.png]
[jthemes.net/themes/f-html/vetrov/assets/images/icons/icon-19.png]
[jthemes.net/themes/f-html/vetrov/assets/images/slider/970x500-2.jpg]
[jthemes.net/themes/f-html/vetrov/assets/images/slider/970x500-3.jpg]
[jthemes.net/themes/f-html/vetrov/assets/images/slider/970x500-4.jpg]
[jthemes.net/themes/f-html/vetrov/assets/images/icons/icon-3.png]
[jthemes.net/themes/f-html/vetrov/assets/images/icons/icon-4.png]
[jthemes.net/themes/f-html/vetrov/assets/images/icons/icon-5.png]
[jthemes.net/themes/f-html/vetrov/assets/images/icons/logo-icon.png]
[jthemes.net/themes/f-html/vetrov/assets/images/icons/text-2.png]
[jthemes.net/themes/f-html/vetrov/assets/images/icons/icon-6.png]
[jthemes.net/themes/f-html/vetrov/assets/images/icons/icon-7.png]
[jthemes.net/themes/f-html/vetrov/assets/images/icons/icon-8.png]
[jthemes.net/themes/f-html/vetrov/assets/images/icons/icon-9.png]
[jthemes.net/themes/f-html/vetrov/assets/images/icons/comment.png]
[jthemes.net/themes/f-html/vetrov/assets/images/author/85x85-1.png]
[jthemes.net/themes/f-html/vetrov/assets/images/author/85x85-2.png]
[jthemes.net/themes/f-html/vetrov/assets/images/author/85x85-3.png]
[jthemes.net/themes/f-html/vetrov/assets/images/gallery/370x470-1.jpg]
[jthemes.net/themes/f-html/vetrov/assets/images/gallery/370x270-1.jpg]
[jthemes.net/themes/f-html/vetrov/assets/images/gallery/370x370-1.jpg]
[jthemes.net/themes/f-html/vetrov/assets/images/gallery/370x370-2.jpg]
[jthemes.net/themes/f-html/vetrov/assets/images/gallery/370x470-2.jpg]
[jthemes.net/themes/f-html/vetrov/assets/images/gallery/370x370-3.jpg]
[jthemes.net/themes/f-html/vetrov/assets/images/gallery/370x270-2.jpg]
[jthemes.net/themes/f-html/vetrov/assets/images/gallery/370x270-3.jpg]
[jthemes.net/themes/f-html/vetrov/assets/images/icons/partner-1.png]
[jthemes.net/themes/f-html/vetrov/assets/images/icons/partner-2.png]
[jthemes.net/themes/f-html/vetrov/assets/images/icons/partner-3.png]
[jthemes.net/themes/f-html/vetrov/assets/js/plugin/jquery-2.2.4.min.js]
[jthemes.net/themes/f-html/vetrov/assets/js/plugin/bootstrap.min.js]
[jthemes.net/themes/f-html/vetrov/assets/js/plugin/bootstrap-select.min.js]
[jthemes.net/themes/f-html/vetrov/assets/js/plugin/bootstrap-datepicker.js]
[jthemes.net/themes/f-html/vetrov/assets/js/plugin/owl.carousel.min.js]
[jthemes.net/themes/f-html/vetrov/assets/js/plugin/jquery.magnify.js]
[jthemes.net/themes/f-html/vetrov/assets/js/plugin/isotope.pkgd.min.js]
[jthemes.net/themes/f-html/vetrov/assets/js/plugin/masonry.pkgd.min.js]
[jthemes.net/themes/f-html/vetrov/assets/js/theme.js]
[jthemes.net/themes/f-html/vetrov/assets/js/jquery.cookie.js]
[jthemes.net/themes/f-html/vetrov/index.html]
[jthemes.net/themes/f-html/vetrov/assets/css/owl.video.play.png]
[jthemes.net/themes/f-html/vetrov/assets/fonts/fontawesome-webfont3e6e.eot]
[jthemes.net/themes/f-html/vetrov/assets/fonts/fontawesome-webfontd41d.eot]
[jthemes.net/themes/f-html/vetrov/assets/fonts/fontawesome-webfont3e6e.woff2]
[jthemes.net/themes/f-html/vetrov/assets/fonts/fontawesome-webfont3e6e.woff]
[jthemes.net/themes/f-html/vetrov/assets/fonts/fontawesome-webfont3e6e.ttf]
[jthemes.net/themes/f-html/vetrov/assets/fonts/fontawesome-webfont3e6e.svg]
[jthemes.net/themes/f-html/vetrov/assets/fonts/glyphicons-halflings-regular.eot]
[jthemes.net/themes/f-html/vetrov/assets/fonts/glyphicons-halflings-regulard41d.eot]
[jthemes.net/themes/f-html/vetrov/assets/fonts/glyphicons-halflings-regular.woff2]
[jthemes.net/themes/f-html/vetrov/assets/fonts/glyphicons-halflings-regular.woff]
[jthemes.net/themes/f-html/vetrov/assets/fonts/glyphicons-halflings-regular.ttf]
[jthemes.net/themes/f-html/vetrov/assets/fonts/glyphicons-halflings-regular.svg]
[jthemes.net/themes/f-html/vetrov/assets/images/icons/wave-border.png]
[jthemes.net/themes/f-html/vetrov/assets/images/icons/wave-border-2.png]
[jthemes.net/themes/f-html/vetrov/assets/images/slider/1920x1080-1.jpg]
[jthemes.net/themes/f-html/vetrov/assets/images/background/385x520-1.jpg]
[jthemes.net/themes/f-html/vetrov/assets/images/background/1920x1080-1.jpg]
[jthemes.net/themes/f-html/vetrov/assets/images/background/1920x940-1.jpg]
[jthemes.net/themes/f-html/vetrov/assets/images/icons/line-1.png]
[jthemes.net/themes/f-html/vetrov/assets/images/background/1920x1080-2.jpg]
[jthemes.net/themes/f-html/vetrov/assets/images/background/1920x1080-3.jpg]
[jthemes.net/themes/f-html/vetrov/assets/images/background/1920x800-1.jpg]
[jthemes.net/themes/f-html/vetrov/assets/images/background/bg-1.png]
[jthemes.net/themes/f-html/vetrov/assets/images/background/1920x750-1.jpg]
[jthemes.net/themes/f-html/vetrov/assets/images/background/1920x870-1.jpg]
[jthemes.net/themes/f-html/vetrov/assets/images/background/1920x600-2.jpg]
[jthemes.net/themes/f-html/vetrov/assets/images/background/1920x600-4.jpg]
[jthemes.net/themes/f-html/vetrov/assets/images/background/1920x890-1.jpg]
[jthemes.net/themes/f-html/vetrov/assets/css/style_min.css]
[jthemes.net/themes/f-html/vetrov/assets/css/multicolors/theme-color.css]
[jthemes.net/themes/f-html/vetrov/assets/css/plugin/font-awesome.min.css]
[jthemes.net/themes/f-html/vetrov/assets/css/plugin/bootstrap.min.css]
[jthemes.net/themes/f-html/vetrov/assets/css/style.css]
[jthemes.net/themes/f-html/vetrov/assets/js/plugin/jquery.plugin.min.js]
[jthemes.net/themes/f-html/vetrov/assets/js/plugin/jquery.countdown.js]
[jthemes.net/themes/f-html/vetrov/login.html]
[jthemes.net/themes/f-html/vetrov/index-2.html]
[jthemes.net/themes/f-html/vetrov/assets/images/author/46x46-1.jpg]
[jthemes.net/themes/f-html/vetrov/assets/images/icons/text-3.png]
[jthemes.net/themes/f-html/vetrov/assets/images/slider/900x700-1.jpg]
[jthemes.net/themes/f-html/vetrov/assets/images/slider/900x700-2.jpg]
[jthemes.net/themes/f-html/vetrov/assets/images/slider/900x700-4.jpg]
[jthemes.net/themes/f-html/vetrov/assets/images/slider/900x700-5.jpg]
[jthemes.net/themes/f-html/vetrov/assets/images/gallery/370x300-4.jpg]
[jthemes.net/themes/f-html/vetrov/assets/images/icons/icon-2.png]
[jthemes.net/themes/f-html/vetrov/assets/images/gallery/370x300-5.jpg]
[jthemes.net/themes/f-html/vetrov/assets/images/gallery/370x300-6.jpg]
[jthemes.net/themes/f-html/vetrov/assets/images/gallery/370x300-1.jpg]
[jthemes.net/themes/f-html/vetrov/assets/images/gallery/370x300-2.jpg]
[jthemes.net/themes/f-html/vetrov/assets/images/gallery/370x300-3.jpg]
[jthemes.net/themes/f-html/vetrov/assets/images/icons/lable-1.png]
[jthemes.net/themes/f-html/vetrov/assets/images/slider/1920x970-1.jpg]
[jthemes.net/themes/f-html/vetrov/assets/images/slider/1920x970-2.jpg]
[jthemes.net/themes/f-html/vetrov/assets/images/slider/1920x970-3.jpg]
[jthemes.net/themes/f-html/vetrov/assets/images/slider/1920x970-4.jpg]
[jthemes.net/themes/f-html/vetrov/assets/images/slider/1920x970-5.jpg]
[jthemes.net/themes/f-html/vetrov/assets/images/slider/80x80-1.png]
[jthemes.net/themes/f-html/vetrov/assets/images/slider/80x80-2.png]
[jthemes.net/themes/f-html/vetrov/assets/images/slider/80x80-3.png]
[jthemes.net/themes/f-html/vetrov/assets/images/slider/80x80-4.png]
[jthemes.net/themes/f-html/vetrov/assets/images/slider/80x80-5.png]
[jthemes.net/themes/f-html/vetrov/assets/images/icons/icon-10.png]
[jthemes.net/themes/f-html/vetrov/assets/images/icons/icon-11.png]
[jthemes.net/themes/f-html/vetrov/assets/images/icons/icon-12.png]
[jthemes.net/themes/f-html/vetrov/assets/images/icons/icon-13.png]
[jthemes.net/themes/f-html/vetrov/assets/images/icons/icon-14.png]
[jthemes.net/themes/f-html/vetrov/assets/images/gallery/80x80-1.jpg]
[jthemes.net/themes/f-html/vetrov/assets/images/gallery/80x80-2.jpg]
[jthemes.net/themes/f-html/vetrov/assets/images/gallery/80x80-3.jpg]
[jthemes.net/themes/f-html/vetrov/assets/images/gallery/80x80-4.jpg]
[jthemes.net/themes/f-html/vetrov/assets/images/gallery/80x80-5.jpg]
[jthemes.net/themes/f-html/vetrov/assets/images/gallery/80x80-6.jpg]
[jthemes.net/themes/f-html/vetrov/assets/images/background/1170x500-1.jpg]
[jthemes.net/themes/f-html/vetrov/assets/images/gallery/385x315-1.jpg]
[jthemes.net/themes/f-html/vetrov/Â£]
[jthemes.net/themes/f-html/vetrov/assets/images/gallery/385x315-2.jpg]
[jthemes.net/themes/f-html/vetrov/assets/images/gallery/385x315-3.jpg]
[jthemes.net/themes/f-html/vetrov/assets/images/icons/item-1.png]
[jthemes.net/themes/f-html/vetrov/assets/images/icons/item-2.png]
[jthemes.net/themes/f-html/vetrov/assets/images/icons/item-3.png]
[jthemes.net/themes/f-html/vetrov/index-3.html]
[jthemes.net/themes/f-html/vetrov/assets/images/slider/1920x955-1.jpg]
[jthemes.net/themes/f-html/vetrov/assets/images/icons/icon-1.png]
[jthemes.net/themes/f-html/vetrov/assets/images/gallery/270x300-1.jpg]
[jthemes.net/themes/f-html/vetrov/assets/images/gallery/270x300-2.jpg]
[jthemes.net/themes/f-html/vetrov/assets/images/gallery/270x300-3.jpg]
[jthemes.net/themes/f-html/vetrov/assets/images/gallery/270x300-4.jpg]
[jthemes.net/themes/f-html/vetrov/assets/images/gallery/270x300-5.jpg]
[jthemes.net/themes/f-html/vetrov/assets/images/gallery/270x300-6.jpg]
[jthemes.net/themes/f-html/vetrov/assets/images/slider/365x423-1.jpg]
[jthemes.net/themes/f-html/vetrov/assets/images/slider/430x480-1.jpg]
[jthemes.net/themes/f-html/vetrov/assets/images/slider/365x423-2.jpg]
[jthemes.net/themes/f-html/vetrov/assets/images/slider/430x480-2.jpg]
[jthemes.net/themes/f-html/vetrov/index-4.html]
[jthemes.net/themes/f-html/vetrov/index-5.html]
[jthemes.net/themes/f-html/vetrov/assets/images/slider/1920x1080-2.jpg]
[jthemes.net/themes/f-html/vetrov/index-slider-1.html]
[jthemes.net/themes/f-html/vetrov/assets/images/slider/1920x955-2.jpg]
[jthemes.net/themes/f-html/vetrov/assets/images/slider/1920x955-3.jpg]
[jthemes.net/themes/f-html/vetrov/index-slider-2.html]
[jthemes.net/themes/f-html/vetrov/index-slider-3.html]
[jthemes.net/themes/f-html/vetrov/assets/css/plugin/bootstrap-select.min.css]
[jthemes.net/themes/f-html/vetrov/assets/css/plugin/datepicker.css]
[jthemes.net/themes/f-html/vetrov/assets/css/plugin/owl.carousel.min.css]
[jthemes.net/themes/f-html/vetrov/assets/css/plugin/animate.css]
[jthemes.net/themes/f-html/vetrov/assets/css/plugin/magnify.css]
[jthemes.net/themes/f-html/vetrov/assets/images/icons/icon-20.png]
[jthemes.net/themes/f-html/vetrov/assets/images/gallery/285x400-1.jpg]
[jthemes.net/themes/f-html/vetrov/_assets/images/gallery/370x300-1.jpg_]
[jthemes.net/themes/f-html/vetrov/_assets/images/gallery/370x300-2.jpg_]
[jthemes.net/themes/f-html/vetrov/_assets/images/gallery/370x300-3.jpg_]
[jthemes.net/themes/f-html/vetrov/_assets/images/gallery/370x300-4.jpg_]
[jthemes.net/themes/f-html/vetrov/_assets/images/gallery/370x300-5.jpg_]
[jthemes.net/themes/f-html/vetrov/_assets/images/gallery/370x300-6.jpg_]
[jthemes.net/themes/f-html/vetrov/_assets/images/gallery/370x300-7.jpg_]
[jthemes.net/themes/f-html/vetrov/assets/js/map.scripts.js]
[jthemes.net/themes/f-html/vetrov/listing-1.html]
[jthemes.net/themes/f-html/vetrov/listing-2.html]
[jthemes.net/themes/f-html/vetrov/assets/images/gallery/1170x600-1.jpg]
[jthemes.net/themes/f-html/vetrov/assets/images/gallery/285x300-1.jpg]
[jthemes.net/themes/f-html/vetrov/assets/images/gallery/285x300-2.jpg]
[jthemes.net/themes/f-html/vetrov/assets/images/author/100x100-1.png]
[jthemes.net/themes/f-html/vetrov/assets/images/author/100x100-2.png]
[jthemes.net/themes/f-html/vetrov/assets/images/gallery/970x500-1.jpg]
[jthemes.net/themes/f-html/vetrov/assets/images/gallery/370x400-1.jpg]
[jthemes.net/themes/f-html/vetrov/assets/images/gallery/970x500-2.jpg]
[jthemes.net/themes/f-html/vetrov/assets/images/gallery/370x250-1.jpg]
[jthemes.net/themes/f-html/vetrov/assets/images/gallery/970x500-3.jpg]
[jthemes.net/themes/f-html/vetrov/assets/images/gallery/370x300-7.jpg]
[jthemes.net/themes/f-html/vetrov/assets/images/gallery/970x500-4.jpg]
[jthemes.net/themes/f-html/vetrov/assets/images/gallery/370x400-2.jpg]
[jthemes.net/themes/f-html/vetrov/assets/images/gallery/370x250-2.jpg]
[jthemes.net/themes/f-html/vetrov/assets/images/gallery/370x300-8.jpg]
[jthemes.net/themes/f-html/vetrov/assets/images/gallery/370x400-3.jpg]
[jthemes.net/themes/f-html/vetrov/assets/images/gallery/370x300-9.jpg]
[jthemes.net/themes/f-html/vetrov/assets/images/gallery/370x250-3.jpg]
[jthemes.net/themes/f-html/vetrov/assets/images/icons/lable-2.png]
[jthemes.net/themes/f-html/vetrov/listing-detail-1.html]
[jthemes.net/themes/f-html/vetrov/listing-detail-2.html]
[jthemes.net/themes/f-html/vetrov/assets/images/slider/270x150-1.jpg]
[jthemes.net/themes/f-html/vetrov/assets/images/slider/270x150-2.jpg]
[jthemes.net/themes/f-html/vetrov/assets/images/slider/270x150-3.jpg]
[jthemes.net/themes/f-html/vetrov/assets/images/slider/270x150-4.jpg]
[jthemes.net/themes/f-html/vetrov/assets/images/slider/270x150-5.jpg]
[jthemes.net/themes/f-html/vetrov/assets/images/author/80x80-1.jpg]
[jthemes.net/themes/f-html/vetrov/assets/images/gallery/80x80-7.jpg]
[jthemes.net/themes/f-html/vetrov/assets/images/gallery/80x80-8.jpg]
[jthemes.net/themes/f-html/vetrov/assets/images/gallery/80x80-9.jpg]
[jthemes.net/themes/f-html/vetrov/listing-detail-3.html]
[jthemes.net/themes/f-html/vetrov/before-you-fly.html]
[jthemes.net/themes/f-html/vetrov/portfolio-col-four.html]
[jthemes.net/themes/f-html/vetrov/portfolio-col-three.html]
[jthemes.net/themes/f-html/vetrov/portfolio-col-two.html]
[jthemes.net/themes/f-html/vetrov/account-information.html]
[jthemes.net/themes/f-html/vetrov/my-account.html]
[jthemes.net/themes/f-html/vetrov/cng-pw.html]
[jthemes.net/themes/f-html/vetrov/address-book.html]
[jthemes.net/themes/f-html/vetrov/order-history.html]
[jthemes.net/themes/f-html/vetrov/review-rating.html]
[jthemes.net/themes/f-html/vetrov/return.html]
[jthemes.net/themes/f-html/vetrov/newsletter.html]
[jthemes.net/themes/f-html/vetrov/myaccount-leftsidebar.html]
[jthemes.net/themes/f-html/vetrov/pages-link.html]
[jthemes.net/themes/f-html/vetrov/assets/images/icons/sign.png]
[jthemes.net/themes/f-html/vetrov/about-us.html]
[jthemes.net/themes/f-html/vetrov/contact-us.html]
[jthemes.net/themes/f-html/vetrov/faq.html]
[jthemes.net/themes/f-html/vetrov/forgot-password.html]
[jthemes.net/themes/f-html/vetrov/assets/images/icons/error.png]
[jthemes.net/themes/f-html/vetrov/404.html]
[jthemes.net/themes/f-html/vetrov/coming-soon.html]
[jthemes.net/themes/f-html/vetrov/pages.html]
[jthemes.net/themes/f-html/vetrov/assets/images/gallery/770x450-1.jpg]
[jthemes.net/themes/f-html/vetrov/assets/images/gallery/770x310-1.jpg]
[jthemes.net/themes/f-html/vetrov/blog.html]
[jthemes.net/themes/f-html/vetrov/blog-detail.html]
[jthemes.net/themes/f-html/vetrov/fullwidth.html]
[jthemes.net/themes/f-html/vetrov/layout-left.html]
[jthemes.net/themes/f-html/vetrov/layout-right.html]
[jthemes.net/themes/f-html/vetrov/layout-two.html]
[jthemes.net/themes/f-html/vetrov/footer-variation.html]
[jthemes.net/themes/f-html/vetrov/confirm.html]
[jthemes.net/themes/f-html/vetrov/page-search-result.html]
[jthemes.net/themes/f-html/vetrov/page-travel-insurance.html]
[jthemes.net/themes/f-html/vetrov/page-travel-stories.html]
[jthemes.net/themes/f-html/vetrov/shortcodes.html]
[jthemes.net/themes/f-html/vetrov/assets/css/owl.video.play.html]
[jthemes.net/themes/f-html/vetrov/assets/fonts/fontawesome-webfont3e6e.svg]
[jthemes.net/themes/f-html/vetrov/assets/fonts/glyphicons-halflings-regular.svg]
[jthemes.net/themes/f-html/vetrov/assets/images/background/bg-1.html]
[jthemes.net/themes/f-html/vetrov/assets/css/fonts/fontawesome-webfont3e6e.eot]
[jthemes.net/themes/f-html/vetrov/assets/images/gallery/370x470-3.jpg]
[jthemes.net/themes/f-html/vetrov/assets/css/fonts/fontawesome-webfontd41d.eot]
[jthemes.net/themes/f-html/vetrov/assets/css/fonts/fontawesome-webfont3e6e.woff2]
[jthemes.net/themes/f-html/vetrov/assets/css/fonts/fontawesome-webfont3e6e.woff]
[jthemes.net/themes/f-html/vetrov/assets/css/fonts/fontawesome-webfont3e6e.ttf]
[jthemes.net/themes/f-html/vetrov/assets/css/plugin/font-awesome.min.css]
[jthemes.net/themes/f-html/vetrov/assets/css/fonts/fontawesome-webfont3e6e.svg]
[jthemes.net/themes/f-html/vetrov/assets/css/fonts/glyphicons-halflings-regular.eot]
[jthemes.net/themes/f-html/vetrov/assets/css/fonts/glyphicons-halflings-regulard41d.eot]
[jthemes.net/themes/f-html/vetrov/assets/css/fonts/glyphicons-halflings-regular.woff2]
[jthemes.net/themes/f-html/vetrov/assets/css/fonts/glyphicons-halflings-regular.woff]
[jthemes.net/themes/f-html/vetrov/assets/css/fonts/glyphicons-halflings-regular.ttf]
[jthemes.net/themes/f-html/vetrov/assets/css/plugin/bootstrap.min.css]
[jthemes.net/themes/f-html/vetrov/assets/css/style.css]
[jthemes.net/themes/f-html/vetrov/Â£.html]
[jthemes.net/themes/f-html/vetrov/assets/images/slider/430x480-1.html]
[jthemes.net/themes/f-html/vetrov/assets/images/slider/430x480-2.html]
[jthemes.net/themes/f-html/vetrov/assets/css/plugin/bootstrap-select.min.css]
[jthemes.net/themes/f-html/vetrov/assets/css/plugin/datepicker.css]
[jthemes.net/themes/f-html/vetrov/assets/css/fonts/glyphicons-halflings-regular.svg]
[jthemes.net/themes/f-html/vetrov/assets/images/slider/900x700-3.jpg]
[jthemes.net/themes/f-html/vetrov/assets/images/slider/1920x1080-3.jpg]
[jthemes.net/themes/f-html/vetrov/assets/css/plugin/owl.video.play.fd.delayed]
[jthemes.net/themes/f-html/vetrov/assets/css/plugin/owl.carousel.min.css]
[jthemes.net/themes/f-html/vetrov/assets/css/plugin/animate.css]
[jthemes.net/themes/f-html/vetrov/assets/css/plugin/magnify.css]
[jthemes.net/themes/f-html/vetrov/_assets/images/gallery/370x300-1.html]
[jthemes.net/themes/f-html/vetrov/_assets/images/gallery/370x300-2.html]
[jthemes.net/themes/f-html/vetrov/_assets/images/gallery/370x300-3.html]
[jthemes.net/themes/f-html/vetrov/_assets/images/gallery/370x300-4.html]
[jthemes.net/themes/f-html/vetrov/_assets/images/gallery/370x300-5.html]
[jthemes.net/themes/f-html/vetrov/_assets/images/gallery/370x300-6.html]
[jthemes.net/themes/f-html/vetrov/_assets/images/gallery/370x300-7.html]
[jthemes.net/themes/f-html/vetrov/account-information.html]
[jthemes.net/themes/f-html/vetrov/my-account.html]
[jthemes.net/themes/f-html/vetrov/cng-pw.html]
[jthemes.net/themes/f-html/vetrov/address-book.html]
[jthemes.net/themes/f-html/vetrov/order-history.html]
[jthemes.net/themes/f-html/vetrov/review-rating.html]
[jthemes.net/themes/f-html/vetrov/return.html]
[jthemes.net/themes/f-html/vetrov/newsletter.html]
[jthemes.net/themes/f-html/vetrov/myaccount-leftsidebar.html]
[jthemes.net/themes/f-html/vetrov/assets/images/gallery/770x450-2.jpg]
[jthemes.net/themes/f-html/vetrov/page-holidays.html]
[jthemes.net/themes/f-html/vetrov/assets/images/gallery/285x300-3.jpg]
[jthemes.net/themes/f-html/vetrov/assets/css/fonts/fontawesome-webfont3e6e.svg]
[jthemes.net/themes/f-html/vetrov/assets/css/fonts/glyphicons-halflings-regular.svg]
[jthemes.net/themes/f-html/vetrov/assets/css/plugin/owl.video.play.html]
[jthemes.net/themes/f-html/vetrov/page-holidays.html]
